[2026-04-15 07:01:56Z INFO HostContext] No proxy settings were found based on environmental variables (http_proxy/https_proxy/HTTP_PROXY/HTTPS_PROXY)
[2026-04-15 07:01:56Z INFO HostContext] Well known directory 'Bin': 'C:\Users\20250\Desktop\GithubActionsRunners\actions-runner\bin'
[2026-04-15 07:01:56Z INFO HostContext] Well known directory 'Root': 'C:\Users\20250\Desktop\GithubActionsRunners\actions-runner'
[2026-04-15 07:01:56Z INFO HostContext] Well known config file 'Credentials': 'C:\Users\20250\Desktop\GithubActionsRunners\actions-runner\.credentials'
[2026-04-15 07:01:57Z INFO HostContext] Well known directory 'Bin': 'C:\Users\20250\Desktop\GithubActionsRunners\actions-runner\bin'
[2026-04-15 07:01:57Z INFO HostContext] Well known directory 'Root': 'C:\Users\20250\Desktop\GithubActionsRunners\actions-runner'
[2026-04-15 07:01:57Z INFO HostContext] Well known config file 'Runner': 'C:\Users\20250\Desktop\GithubActionsRunners\actions-runner\.runner'
[2026-04-15 07:01:57Z INFO Listener] Runner is built for Windows (X64) - win-x64.
[2026-04-15 07:01:57Z INFO Listener] RuntimeInformation: Microsoft Windows 10.0.26200.
[2026-04-15 07:01:57Z INFO Listener] Version: 2.333.1
[2026-04-15 07:01:57Z INFO Listener] Commit: 6792966801e8925346735b68c03bf9f347af4646
[2026-04-15 07:01:57Z INFO Listener] Culture: en-US
[2026-04-15 07:01:57Z INFO Listener] UI Culture: en-US
[2026-04-15 07:01:57Z INFO HostContext] Well known directory 'Bin': 'C:\Users\20250\Desktop\GithubActionsRunners\actions-runner\bin'
[2026-04-15 07:01:57Z INFO HostContext] Well known directory 'Root': 'C:\Users\20250\Desktop\GithubActionsRunners\actions-runner'
[2026-04-15 07:01:57Z INFO Listener] Validating directory permissions for: 'C:\Users\20250\Desktop\GithubActionsRunners\actions-runner'
[2026-04-15 07:01:57Z INFO CommandLineParser] Parse
[2026-04-15 07:01:57Z INFO CommandLineParser] Parsing 1 args
[2026-04-15 07:01:57Z INFO CommandLineParser] parsing argument
[2026-04-15 07:01:57Z INFO CommandLineParser] HasArgs: False
[2026-04-15 07:01:57Z INFO CommandLineParser] Adding Command: run
[2026-04-15 07:01:57Z INFO Listener] Arguments parsed
[2026-04-15 07:01:57Z INFO Runner] ExecuteCommand
[2026-04-15 07:01:57Z INFO ConfigurationStore] currentAssemblyLocation: C:\Users\20250\Desktop\GithubActionsRunners\actions-runner\bin\Runner.Listener.dll
[2026-04-15 07:01:57Z INFO HostContext] Well known directory 'Bin': 'C:\Users\20250\Desktop\GithubActionsRunners\actions-runner\bin'
[2026-04-15 07:01:57Z INFO ConfigurationStore] binPath: C:\Users\20250\Desktop\GithubActionsRunners\actions-runner\bin
[2026-04-15 07:01:57Z INFO HostContext] Well known directory 'Bin': 'C:\Users\20250\Desktop\GithubActionsRunners\actions-runner\bin'
[2026-04-15 07:01:57Z INFO HostContext] Well known directory 'Root': 'C:\Users\20250\Desktop\GithubActionsRunners\actions-runner'
[2026-04-15 07:01:57Z INFO ConfigurationStore] RootFolder: C:\Users\20250\Desktop\GithubActionsRunners\actions-runner
[2026-04-15 07:01:57Z INFO HostContext] Well known directory 'Bin': 'C:\Users\20250\Desktop\GithubActionsRunners\actions-runner\bin'
[2026-04-15 07:01:57Z INFO HostContext] Well known directory 'Root': 'C:\Users\20250\Desktop\GithubActionsRunners\actions-runner'
[2026-04-15 07:01:57Z INFO HostContext] Well known config file 'Runner': 'C:\Users\20250\Desktop\GithubActionsRunners\actions-runner\.runner'
[2026-04-15 07:01:57Z INFO ConfigurationStore] ConfigFilePath: C:\Users\20250\Desktop\GithubActionsRunners\actions-runner\.runner
[2026-04-15 07:01:57Z INFO HostContext] Well known directory 'Bin': 'C:\Users\20250\Desktop\GithubActionsRunners\actions-runner\bin'
[2026-04-15 07:01:57Z INFO HostContext] Well known directory 'Root': 'C:\Users\20250\Desktop\GithubActionsRunners\actions-runner'
[2026-04-15 07:01:57Z INFO HostContext] Well known config file 'MigratedRunner': 'C:\Users\20250\Desktop\GithubActionsRunners\actions-runner\.runner_migrated'
[2026-04-15 07:01:57Z INFO ConfigurationStore] MigratedConfigFilePath: C:\Users\20250\Desktop\GithubActionsRunners\actions-runner\.runner_migrated
[2026-04-15 07:01:57Z INFO HostContext] Well known directory 'Bin': 'C:\Users\20250\Desktop\GithubActionsRunners\actions-runner\bin'
[2026-04-15 07:01:57Z INFO HostContext] Well known directory 'Root': 'C:\Users\20250\Desktop\GithubActionsRunners\actions-runner'
[2026-04-15 07:01:57Z INFO HostContext] Well known config file 'Credentials': 'C:\Users\20250\Desktop\GithubActionsRunners\actions-runner\.credentials'
[2026-04-15 07:01:57Z INFO ConfigurationStore] CredFilePath: C:\Users\20250\Desktop\GithubActionsRunners\actions-runner\.credentials
[2026-04-15 07:01:57Z INFO HostContext] Well known directory 'Bin': 'C:\Users\20250\Desktop\GithubActionsRunners\actions-runner\bin'
[2026-04-15 07:01:57Z INFO HostContext] Well known directory 'Root': 'C:\Users\20250\Desktop\GithubActionsRunners\actions-runner'
[2026-04-15 07:01:57Z INFO HostContext] Well known config file 'MigratedCredentials': 'C:\Users\20250\Desktop\GithubActionsRunners\actions-runner\.credentials_migrated'
[2026-04-15 07:01:57Z INFO ConfigurationStore] MigratedCredFilePath: C:\Users\20250\Desktop\GithubActionsRunners\actions-runner\.credentials_migrated
[2026-04-15 07:01:57Z INFO HostContext] Well known directory 'Bin': 'C:\Users\20250\Desktop\GithubActionsRunners\actions-runner\bin'
[2026-04-15 07:01:57Z INFO HostContext] Well known directory 'Root': 'C:\Users\20250\Desktop\GithubActionsRunners\actions-runner'
[2026-04-15 07:01:57Z INFO HostContext] Well known config file 'Service': 'C:\Users\20250\Desktop\GithubActionsRunners\actions-runner\.service'
[2026-04-15 07:01:57Z INFO ConfigurationStore] ServiceConfigFilePath: C:\Users\20250\Desktop\GithubActionsRunners\actions-runner\.service
[2026-04-15 07:01:57Z INFO CommandSettings] Flag 'help': 'False'
[2026-04-15 07:01:57Z INFO CommandSettings] Flag 'version': 'False'
[2026-04-15 07:01:57Z INFO CommandSettings] Flag 'commit': 'False'
[2026-04-15 07:01:57Z INFO CommandSettings] Flag 'check': 'False'
[2026-04-15 07:01:57Z INFO CommandSettings] Command 'configure': 'False'
[2026-04-15 07:01:57Z INFO CommandSettings] Command 'remove': 'False'
[2026-04-15 07:01:57Z INFO CommandSettings] Command 'warmup': 'False'
[2026-04-15 07:01:57Z INFO ConfigurationManager] LoadSettings
[2026-04-15 07:01:57Z INFO ConfigurationStore] IsConfigured()
[2026-04-15 07:01:57Z INFO ConfigurationStore] IsConfigured: True
[2026-04-15 07:01:57Z INFO ConfigurationManager] Is configured: True
[2026-04-15 07:01:57Z INFO ConfigurationStore] Read setting file: 411 chars
[2026-04-15 07:01:57Z INFO ConfigurationManager] Settings Loaded
[2026-04-15 07:01:57Z INFO ConfigurationStore] IsServiceConfigured()
[2026-04-15 07:01:57Z INFO ConfigurationStore] IsServiceConfigured: False
[2026-04-15 07:01:57Z INFO CommandSettings] Command 'run': 'True'
[2026-04-15 07:01:57Z INFO ConfigurationStore] IsConfigured()
[2026-04-15 07:01:57Z INFO ConfigurationStore] IsConfigured: True
[2026-04-15 07:01:57Z INFO ConfigurationManager] Is configured: True
[2026-04-15 07:01:57Z INFO Runner] Could not parse the argument value '' for StartupType. Defaulting to Manual
[2026-04-15 07:01:57Z INFO Runner] Set runner startup type - Manual
[2026-04-15 07:01:57Z INFO CommandSettings] Flag 'once': 'False'
[2026-04-15 07:01:57Z INFO CommandSettings] Flag 'once': 'False'
[2026-04-15 07:01:57Z INFO Runner] RunAsync
[2026-04-15 07:01:57Z INFO HostContext] Well known directory 'Bin': 'C:\Users\20250\Desktop\GithubActionsRunners\actions-runner\bin'
[2026-04-15 07:01:57Z INFO HostContext] Well known directory 'Root': 'C:\Users\20250\Desktop\GithubActionsRunners\actions-runner'
[2026-04-15 07:01:57Z INFO HostContext] Well known directory 'Work': 'C:\Users\20250\Desktop\GithubActionsRunners\actions-runner\_work'
[2026-04-15 07:01:57Z INFO Runner] Validating directory permissions for: 'C:\Users\20250\Desktop\GithubActionsRunners\actions-runner\_work'
[2026-04-15 07:01:57Z INFO ConfigurationManager] LoadMigratedSettings
[2026-04-15 07:01:57Z INFO ConfigurationStore] IsMigratedConfigured()
[2026-04-15 07:01:57Z INFO ConfigurationStore] IsMigratedConfigured: False
[2026-04-15 07:01:57Z INFO Runner] Failed to load migrated settings: No migrated configuration found.
[2026-04-15 07:01:57Z INFO Runner] Falling back to original .runner settings
[2026-04-15 07:01:57Z INFO Runner] Using BrokerMessageListener
[2026-04-15 07:01:57Z INFO BrokerMessageListener] Using provided settings
[2026-04-15 07:01:57Z INFO BrokerMessageListener] {
  "AgentId": 2,
  "AgentName": "DENBG0090NB",
  "PoolId": 1,
  "PoolName": "Default",
  "ServerUrl": "https://pipelinesghubeus21.actions.githubusercontent.com/nbwfLqiqyGd6w4xHwnpjyAQT1QANlQ6534e8CPrnYrsC4OHEp9/",
  "GitHubUrl": "https://github.com/aparna-ullas-97/GithubActionsRunners",
  "WorkFolder": "_work",
  "UseV2Flow": true,
  "ServerUrlV2": "https://broker.actions.githubusercontent.com/"
}
[2026-04-15 07:01:57Z INFO BrokerMessageListener] Loading Credentials
[2026-04-15 07:01:57Z INFO ConfigurationStore] HasCredentials()
[2026-04-15 07:01:57Z INFO ConfigurationStore] stored True
[2026-04-15 07:01:57Z INFO CredentialManager] GetCredentialProvider
[2026-04-15 07:01:57Z INFO CredentialManager] Creating type OAuth
[2026-04-15 07:01:57Z INFO CredentialManager] Creating credential type: OAuth
[2026-04-15 07:01:57Z INFO HostContext] Well known directory 'Bin': 'C:\Users\20250\Desktop\GithubActionsRunners\actions-runner\bin'
[2026-04-15 07:01:57Z INFO HostContext] Well known directory 'Root': 'C:\Users\20250\Desktop\GithubActionsRunners\actions-runner'
[2026-04-15 07:01:57Z INFO HostContext] Well known config file 'RSACredentials': 'C:\Users\20250\Desktop\GithubActionsRunners\actions-runner\.credentials_rsaparams'
[2026-04-15 07:01:57Z INFO RSAEncryptedFileKeyManager] Loading RSA key parameters from file C:\Users\20250\Desktop\GithubActionsRunners\actions-runner\.credentials_rsaparams
[2026-04-15 07:01:57Z INFO BrokerMessageListener] Attempt to create session.
[2026-04-15 07:01:57Z INFO BrokerMessageListener] Connecting to the Broker Server...
[2026-04-15 07:01:57Z INFO ConfigurationStore] HasCredentials()
[2026-04-15 07:01:57Z INFO ConfigurationStore] stored True
[2026-04-15 07:01:57Z INFO CredentialManager] GetCredentialProvider
[2026-04-15 07:01:57Z INFO CredentialManager] Creating type OAuth
[2026-04-15 07:01:57Z INFO CredentialManager] Creating credential type: OAuth
[2026-04-15 07:01:57Z INFO RSAEncryptedFileKeyManager] Loading RSA key parameters from file C:\Users\20250\Desktop\GithubActionsRunners\actions-runner\.credentials_rsaparams
[2026-04-15 07:01:57Z INFO BrokerMessageListener] VssConnection created
[2026-04-15 07:01:57Z INFO BrokerMessageListener] Connecting to the Runner server...
[2026-04-15 07:01:57Z INFO RunnerServer] EstablishVssConnection
[2026-04-15 07:01:57Z INFO RunnerServer] Establish connection with 100 seconds timeout.
[2026-04-15 07:01:57Z INFO GitHubActionsService] Starting operation Location.GetConnectionData
[2026-04-15 07:01:57Z INFO RunnerServer] EstablishVssConnection
[2026-04-15 07:01:57Z INFO RunnerServer] Establish connection with 60 seconds timeout.
[2026-04-15 07:01:57Z INFO GitHubActionsService] Starting operation Location.GetConnectionData
[2026-04-15 07:01:57Z INFO RunnerServer] EstablishVssConnection
[2026-04-15 07:01:57Z INFO RunnerServer] Establish connection with 60 seconds timeout.
[2026-04-15 07:01:57Z INFO GitHubActionsService] Starting operation Location.GetConnectionData
[2026-04-15 07:01:58Z INFO GitHubActionsService] Finished operation Location.GetConnectionData
[2026-04-15 07:01:58Z INFO GitHubActionsService] Finished operation Location.GetConnectionData
[2026-04-15 07:01:58Z INFO GitHubActionsService] Finished operation Location.GetConnectionData
[2026-04-15 07:01:58Z INFO BrokerMessageListener] VssConnection created
[2026-04-15 07:01:58Z INFO Terminal] WRITE LINE: 
[2026-04-15 07:01:58Z INFO Terminal] WRITE LINE: 
[2026-04-15 07:01:58Z INFO RSAEncryptedFileKeyManager] Loading RSA key parameters from file C:\Users\20250\Desktop\GithubActionsRunners\actions-runner\.credentials_rsaparams
[2026-04-15 07:01:58Z INFO RSAEncryptedFileKeyManager] Loading RSA key parameters from file C:\Users\20250\Desktop\GithubActionsRunners\actions-runner\.credentials_rsaparams
[2026-04-15 07:01:59Z INFO GitHubActionsService] AAD Correlation ID for this token request: Unknown
[2026-04-15 07:01:59Z INFO BrokerMessageListener] Session created.
[2026-04-15 07:01:59Z INFO Terminal] WRITE LINE: Current runner version: '2.333.1'
[2026-04-15 07:01:59Z INFO Terminal] WRITE LINE: 2026-04-15 07:01:59Z: Listening for Jobs
[2026-04-15 07:01:59Z INFO JobDispatcher] Set runner/worker IPC timeout to 30 seconds.
[2026-04-15 07:02:17Z INFO Runner] Received RunnerRefreshConfigMessage for 'runner' config file
[2026-04-15 07:02:17Z INFO RunnerConfigUpdater] Verifying runner qualified id: U_kgDOA-TShw/R_kgDOSBgB-Q/self-hosted/2
[2026-04-15 07:02:17Z INFO HostContext] Well known directory 'Bin': 'C:\Users\20250\Desktop\GithubActionsRunners\actions-runner\bin'
[2026-04-15 07:02:17Z INFO HostContext] Well known directory 'Root': 'C:\Users\20250\Desktop\GithubActionsRunners\actions-runner'
[2026-04-15 07:02:17Z INFO HostContext] Well known config file 'Runner': 'C:\Users\20250\Desktop\GithubActionsRunners\actions-runner\.runner'
[2026-04-15 07:02:17Z INFO RSAEncryptedFileKeyManager] Loading RSA key parameters from file C:\Users\20250\Desktop\GithubActionsRunners\actions-runner\.credentials_rsaparams
[2026-04-15 07:02:17Z INFO RSAEncryptedFileKeyManager] Loading RSA key parameters from file C:\Users\20250\Desktop\GithubActionsRunners\actions-runner\.credentials_rsaparams
[2026-04-15 07:02:17Z INFO GitHubActionsService] AAD Correlation ID for this token request: Unknown
[2026-04-15 07:02:17Z INFO ConfigurationStore] Saving runner migrated settings
[2026-04-15 07:02:17Z INFO ConfigurationStore] Migrated Settings Saved.
[2026-04-15 07:02:17Z INFO Runner] Runner configuration was updated. Session restart has been scheduled
[2026-04-15 07:02:17Z INFO Runner] Pending session restart detected and job dispatcher is not busy. Restarting session now.
[2026-04-15 07:02:17Z INFO JobDispatcher] Shutting down JobDispatcher. Make sure all WorkerDispatcher has finished.
[2026-04-15 07:02:17Z INFO Runner] Deleting Runner Session...
[2026-04-15 07:02:18Z INFO Runner] Restarting runner session after config update...
[2026-04-15 07:02:18Z INFO Runner] Runner configuration was refreshed, restarting session...
[2026-04-15 07:02:18Z INFO ConfigurationManager] LoadSettings
[2026-04-15 07:02:18Z INFO ConfigurationStore] IsConfigured()
[2026-04-15 07:02:18Z INFO ConfigurationStore] IsConfigured: True
[2026-04-15 07:02:18Z INFO ConfigurationManager] Is configured: True
[2026-04-15 07:02:18Z INFO ConfigurationManager] Settings Loaded
[2026-04-15 07:02:18Z INFO Runner] RunAsync
[2026-04-15 07:02:18Z INFO HostContext] Well known directory 'Bin': 'C:\Users\20250\Desktop\GithubActionsRunners\actions-runner\bin'
[2026-04-15 07:02:18Z INFO HostContext] Well known directory 'Root': 'C:\Users\20250\Desktop\GithubActionsRunners\actions-runner'
[2026-04-15 07:02:18Z INFO HostContext] Well known directory 'Work': 'C:\Users\20250\Desktop\GithubActionsRunners\actions-runner\_work'
[2026-04-15 07:02:18Z INFO Runner] Validating directory permissions for: 'C:\Users\20250\Desktop\GithubActionsRunners\actions-runner\_work'
[2026-04-15 07:02:18Z INFO ConfigurationManager] LoadMigratedSettings
[2026-04-15 07:02:18Z INFO ConfigurationStore] IsMigratedConfigured()
[2026-04-15 07:02:18Z INFO ConfigurationStore] IsMigratedConfigured: True
[2026-04-15 07:02:18Z INFO ConfigurationStore] Read migrated setting file: 411 chars
[2026-04-15 07:02:18Z INFO ConfigurationManager] Migrated Settings Loaded
[2026-04-15 07:02:18Z INFO Runner] Loaded migrated settings from .runner_migrated file
[2026-04-15 07:02:18Z INFO Runner] {
  "AgentId": 2,
  "AgentName": "DENBG0090NB",
  "PoolId": 1,
  "PoolName": "Default",
  "ServerUrl": "https://pipelinesghubeus21.actions.githubusercontent.com/nbwfLqiqyGd6w4xHwnpjyAQT1QANlQ6534e8CPrnYrsC4OHEp9/",
  "GitHubUrl": "https://github.com/aparna-ullas-97/GithubActionsRunners",
  "WorkFolder": "_work",
  "UseV2Flow": true,
  "ServerUrlV2": "https://broker.actions.githubusercontent.com/"
}
[2026-04-15 07:02:18Z INFO Runner] Attempting to create session using migrated settings
[2026-04-15 07:02:18Z INFO Runner] Using BrokerMessageListener
[2026-04-15 07:02:18Z INFO BrokerMessageListener] Using provided settings
[2026-04-15 07:02:18Z INFO BrokerMessageListener] Using migrated settings from .runner_migrated
[2026-04-15 07:02:18Z INFO BrokerMessageListener] {
  "AgentId": 2,
  "AgentName": "DENBG0090NB",
  "PoolId": 1,
  "PoolName": "Default",
  "ServerUrl": "https://pipelinesghubeus21.actions.githubusercontent.com/nbwfLqiqyGd6w4xHwnpjyAQT1QANlQ6534e8CPrnYrsC4OHEp9/",
  "GitHubUrl": "https://github.com/aparna-ullas-97/GithubActionsRunners",
  "WorkFolder": "_work",
  "UseV2Flow": true,
  "ServerUrlV2": "https://broker.actions.githubusercontent.com/"
}
[2026-04-15 07:02:18Z INFO BrokerMessageListener] Loading Credentials
[2026-04-15 07:02:18Z INFO ConfigurationStore] HasCredentials()
[2026-04-15 07:02:18Z INFO ConfigurationStore] stored True
[2026-04-15 07:02:18Z INFO CredentialManager] GetCredentialProvider
[2026-04-15 07:02:18Z INFO CredentialManager] Creating type OAuth
[2026-04-15 07:02:18Z INFO CredentialManager] Creating credential type: OAuth
[2026-04-15 07:02:18Z INFO RSAEncryptedFileKeyManager] Loading RSA key parameters from file C:\Users\20250\Desktop\GithubActionsRunners\actions-runner\.credentials_rsaparams
[2026-04-15 07:02:18Z INFO BrokerMessageListener] Attempt to create session.
[2026-04-15 07:02:18Z INFO BrokerMessageListener] Connecting to the Broker Server...
[2026-04-15 07:02:18Z INFO ConfigurationStore] HasCredentials()
[2026-04-15 07:02:18Z INFO ConfigurationStore] stored True
[2026-04-15 07:02:18Z INFO CredentialManager] GetCredentialProvider
[2026-04-15 07:02:18Z INFO CredentialManager] Creating type OAuth
[2026-04-15 07:02:18Z INFO CredentialManager] Creating credential type: OAuth
[2026-04-15 07:02:18Z INFO RSAEncryptedFileKeyManager] Loading RSA key parameters from file C:\Users\20250\Desktop\GithubActionsRunners\actions-runner\.credentials_rsaparams
[2026-04-15 07:02:18Z INFO BrokerMessageListener] VssConnection created
[2026-04-15 07:02:18Z INFO BrokerMessageListener] Connecting to the Runner server...
[2026-04-15 07:02:18Z INFO RunnerServer] EstablishVssConnection
[2026-04-15 07:02:18Z INFO RunnerServer] Establish connection with 100 seconds timeout.
[2026-04-15 07:02:18Z INFO GitHubActionsService] Starting operation Location.GetConnectionData
[2026-04-15 07:02:18Z INFO RunnerServer] EstablishVssConnection
[2026-04-15 07:02:18Z INFO RunnerServer] Establish connection with 60 seconds timeout.
[2026-04-15 07:02:18Z INFO GitHubActionsService] Starting operation Location.GetConnectionData
[2026-04-15 07:02:18Z INFO RunnerServer] EstablishVssConnection
[2026-04-15 07:02:18Z INFO RunnerServer] Establish connection with 60 seconds timeout.
[2026-04-15 07:02:18Z INFO GitHubActionsService] Starting operation Location.GetConnectionData
[2026-04-15 07:02:18Z INFO GitHubActionsService] Finished operation Location.GetConnectionData
[2026-04-15 07:02:18Z INFO GitHubActionsService] Finished operation Location.GetConnectionData
[2026-04-15 07:02:18Z INFO GitHubActionsService] Finished operation Location.GetConnectionData
[2026-04-15 07:02:18Z INFO BrokerMessageListener] VssConnection created
[2026-04-15 07:02:18Z INFO Terminal] WRITE LINE: 
[2026-04-15 07:02:18Z INFO Terminal] WRITE LINE: 
[2026-04-15 07:02:18Z INFO RSAEncryptedFileKeyManager] Loading RSA key parameters from file C:\Users\20250\Desktop\GithubActionsRunners\actions-runner\.credentials_rsaparams
[2026-04-15 07:02:18Z INFO RSAEncryptedFileKeyManager] Loading RSA key parameters from file C:\Users\20250\Desktop\GithubActionsRunners\actions-runner\.credentials_rsaparams
[2026-04-15 07:02:19Z INFO GitHubActionsService] AAD Correlation ID for this token request: Unknown
[2026-04-15 07:02:19Z INFO BrokerMessageListener] Session created.
[2026-04-15 07:02:19Z INFO Runner] Successfully created session with migrated settings
[2026-04-15 07:02:19Z INFO Terminal] WRITE LINE: Current runner version: '2.333.1'
[2026-04-15 07:02:19Z INFO Terminal] WRITE LINE: 2026-04-15 07:02:19Z: Listening for Jobs
[2026-04-15 07:02:19Z INFO JobDispatcher] Set runner/worker IPC timeout to 30 seconds.
[2026-04-15 07:52:30Z INFO RSAEncryptedFileKeyManager] Loading RSA key parameters from file C:\Users\20250\Desktop\GithubActionsRunners\actions-runner\.credentials_rsaparams
[2026-04-15 07:52:31Z INFO GitHubActionsService] AAD Correlation ID for this token request: Unknown
[2026-04-15 08:42:46Z INFO RSAEncryptedFileKeyManager] Loading RSA key parameters from file C:\Users\20250\Desktop\GithubActionsRunners\actions-runner\.credentials_rsaparams
[2026-04-15 08:42:46Z INFO GitHubActionsService] AAD Correlation ID for this token request: Unknown
[2026-04-15 09:33:00Z INFO RSAEncryptedFileKeyManager] Loading RSA key parameters from file C:\Users\20250\Desktop\GithubActionsRunners\actions-runner\.credentials_rsaparams
[2026-04-15 09:33:00Z INFO GitHubActionsService] AAD Correlation ID for this token request: Unknown
[2026-04-15 10:23:14Z INFO RSAEncryptedFileKeyManager] Loading RSA key parameters from file C:\Users\20250\Desktop\GithubActionsRunners\actions-runner\.credentials_rsaparams
[2026-04-15 10:23:14Z INFO GitHubActionsService] AAD Correlation ID for this token request: Unknown
[2026-04-15 11:13:27Z INFO RSAEncryptedFileKeyManager] Loading RSA key parameters from file C:\Users\20250\Desktop\GithubActionsRunners\actions-runner\.credentials_rsaparams
[2026-04-15 11:13:28Z INFO GitHubActionsService] AAD Correlation ID for this token request: Unknown
[2026-04-15 12:03:40Z INFO RSAEncryptedFileKeyManager] Loading RSA key parameters from file C:\Users\20250\Desktop\GithubActionsRunners\actions-runner\.credentials_rsaparams
[2026-04-15 12:03:41Z INFO GitHubActionsService] AAD Correlation ID for this token request: Unknown
[2026-04-15 12:53:54Z INFO RSAEncryptedFileKeyManager] Loading RSA key parameters from file C:\Users\20250\Desktop\GithubActionsRunners\actions-runner\.credentials_rsaparams
[2026-04-15 12:53:55Z INFO GitHubActionsService] AAD Correlation ID for this token request: Unknown
[2026-04-15 13:44:12Z INFO RSAEncryptedFileKeyManager] Loading RSA key parameters from file C:\Users\20250\Desktop\GithubActionsRunners\actions-runner\.credentials_rsaparams
[2026-04-15 13:44:12Z INFO GitHubActionsService] AAD Correlation ID for this token request: Unknown
[2026-04-15 14:34:31Z INFO RSAEncryptedFileKeyManager] Loading RSA key parameters from file C:\Users\20250\Desktop\GithubActionsRunners\actions-runner\.credentials_rsaparams
[2026-04-15 14:34:31Z INFO GitHubActionsService] AAD Correlation ID for this token request: Unknown
[2026-04-15 15:24:49Z INFO RSAEncryptedFileKeyManager] Loading RSA key parameters from file C:\Users\20250\Desktop\GithubActionsRunners\actions-runner\.credentials_rsaparams
[2026-04-15 15:24:50Z INFO GitHubActionsService] AAD Correlation ID for this token request: Unknown
[2026-04-15 15:37:50Z WARN GitHubActionsService] Attempt 1 of GET request to https://broker.actions.githubusercontent.com/message?sessionId=22e742ef-e49e-455e-9174-91025f935271&status=Online&runnerVersion=2.333.1&os=Windows&architecture=X64&disableUpdate=false failed (Socket Error: ConnectionReset). The operation will be retried in 11.198 seconds.
[2026-04-15 16:14:55Z INFO RSAEncryptedFileKeyManager] Loading RSA key parameters from file C:\Users\20250\Desktop\GithubActionsRunners\actions-runner\.credentials_rsaparams
[2026-04-15 16:14:55Z INFO GitHubActionsService] AAD Correlation ID for this token request: Unknown
[2026-04-15 16:20:08Z WARN GitHubActionsService] Attempt 1 of GET request to https://broker.actions.githubusercontent.com/message?sessionId=22e742ef-e49e-455e-9174-91025f935271&status=Online&runnerVersion=2.333.1&os=Windows&architecture=X64&disableUpdate=false failed (Socket Error: ConnectionReset). The operation will be retried in 10.997 seconds.
[2026-04-16 08:45:01Z WARN GitHubActionsService] Attempt 2 of GET request to https://broker.actions.githubusercontent.com/message?sessionId=22e742ef-e49e-455e-9174-91025f935271&status=Online&runnerVersion=2.333.1&os=Windows&architecture=X64&disableUpdate=false failed (Socket Error: HostNotFound). The operation will be retried in 12.943 seconds.
[2026-04-16 08:45:15Z INFO RSAEncryptedFileKeyManager] Loading RSA key parameters from file C:\Users\20250\Desktop\GithubActionsRunners\actions-runner\.credentials_rsaparams
[2026-04-16 08:45:16Z INFO GitHubActionsService] AAD Correlation ID for this token request: Unknown
[2026-04-16 11:42:53Z WARN GitHubActionsService] Attempt 3 of GET request to https://broker.actions.githubusercontent.com/message?sessionId=22e742ef-e49e-455e-9174-91025f935271&status=Online&runnerVersion=2.333.1&os=Windows&architecture=X64&disableUpdate=false failed (Socket Error: ConnectionReset). The operation will be retried in 18.127 seconds.
[2026-04-16 11:43:16Z INFO RSAEncryptedFileKeyManager] Loading RSA key parameters from file C:\Users\20250\Desktop\GithubActionsRunners\actions-runner\.credentials_rsaparams
[2026-04-16 11:43:17Z INFO GitHubActionsService] AAD Correlation ID for this token request: Unknown
[2026-04-16 12:33:29Z INFO RSAEncryptedFileKeyManager] Loading RSA key parameters from file C:\Users\20250\Desktop\GithubActionsRunners\actions-runner\.credentials_rsaparams
[2026-04-16 12:33:29Z INFO GitHubActionsService] AAD Correlation ID for this token request: Unknown
[2026-04-16 13:23:46Z INFO RSAEncryptedFileKeyManager] Loading RSA key parameters from file C:\Users\20250\Desktop\GithubActionsRunners\actions-runner\.credentials_rsaparams
[2026-04-16 13:23:46Z INFO GitHubActionsService] AAD Correlation ID for this token request: Unknown
[2026-04-16 14:14:05Z INFO RSAEncryptedFileKeyManager] Loading RSA key parameters from file C:\Users\20250\Desktop\GithubActionsRunners\actions-runner\.credentials_rsaparams
[2026-04-16 14:14:06Z INFO GitHubActionsService] AAD Correlation ID for this token request: Unknown
[2026-04-16 15:04:25Z INFO RSAEncryptedFileKeyManager] Loading RSA key parameters from file C:\Users\20250\Desktop\GithubActionsRunners\actions-runner\.credentials_rsaparams
[2026-04-16 15:04:25Z INFO GitHubActionsService] AAD Correlation ID for this token request: Unknown
[2026-04-16 15:54:42Z INFO RSAEncryptedFileKeyManager] Loading RSA key parameters from file C:\Users\20250\Desktop\GithubActionsRunners\actions-runner\.credentials_rsaparams
[2026-04-16 15:54:43Z INFO GitHubActionsService] AAD Correlation ID for this token request: Unknown
[2026-04-16 19:47:02Z WARN GitHubActionsService] Attempt 1 of GET request to https://broker.actions.githubusercontent.com/message?sessionId=22e742ef-e49e-455e-9174-91025f935271&status=Online&runnerVersion=2.333.1&os=Windows&architecture=X64&disableUpdate=false failed (Socket Error: ConnectionReset). The operation will be retried in 11.048 seconds.
[2026-04-17 06:24:30Z INFO RSAEncryptedFileKeyManager] Loading RSA key parameters from file C:\Users\20250\Desktop\GithubActionsRunners\actions-runner\.credentials_rsaparams
[2026-04-17 06:24:31Z INFO GitHubActionsService] AAD Correlation ID for this token request: Unknown
